
> prepx@0.1.0 build
> next build

   Γû▓ Next.js 16.0.3 (Turbopack)
   - Environments: .env.local
   - Experiments (use with caution):
     ┬╖ serverActions

node.exe :  ΓÜá The "middleware" file convention is 
deprecated. Please use "proxy" instead. Learn more: 
https://nextjs.org/docs/messages/middleware-to-proxy
At C:\Program Files\nodejs\npm.ps1:29 char:3
+   & $NODE_EXE $NPM_CLI_JS $args
+   ~~~~~~~~~~~~~~~~~~~~~~~~~~~~~
    + CategoryInfo          : NotSpecified: ( ΓÜá The 
    "middl...leware-to-proxy:String) [], RemoteExcep  
  tion
    + FullyQualifiedErrorId : NativeCommandError
 
   Creating an optimized production build ...

> Build error occurred
Error: Turbopack build failed with 1 errors:
./src/components/editor/ChatColumn.tsx:3:1
Module not found: Can't resolve 'ai/react'
[0m [90m 1 |[39m [32m"use client"[39m[33m;[39m
 [90m 2 |[39m
[31m[1m>[22m[39m[90m 3 |[39m [36mimport[39m { 
useChat } [36mfrom[39m 
[32m"ai/react"[39m[33m;[39m
 [90m   |[39m [31m[1m^[22m[39m[31m[1m^[22m[3
9m[31m[1m^[22m[39m[31m[1m^[22m[39m[31m[1m^[
22m[39m[31m[1m^[22m[39m[31m[1m^[22m[39m[31m
[1m^[22m[39m[31m[1m^[22m[39m[31m[1m^[22m[39m
[31m[1m^[22m[39m[31m[1m^[22m[39m[31m[1m^[22
m[39m[31m[1m^[22m[39m[31m[1m^[22m[39m[31m[1
m^[22m[39m[31m[1m^[22m[39m[31m[1m^[22m[39m[
31m[1m^[22m[39m[31m[1m^[22m[39m[31m[1m^[22m
[39m[31m[1m^[22m[39m[31m[1m^[22m[39m[31m[1m^
[22m[39m[31m[1m^[22m[39m[31m[1m^[22m[39m[31
m[1m^[22m[39m[31m[1m^[22m[39m[31m[1m^[22m[3
9m[31m[1m^[22m[39m[31m[1m^[22m[39m[31m[1m^[
22m[39m[31m[1m^[22m[39m[31m[1m^[22m[39m[31m
[1m^[22m[39m
 [90m 4 |[39m [36mimport[39m { [33mButton[39m } 
[36mfrom[39m 
[32m"@/components/ui/button"[39m[33m;[39m
 [90m 5 |[39m [36mimport[39m { [33mInput[39m } 
[36mfrom[39m 
[32m"@/components/ui/input"[39m[33m;[39m
 [90m 6 |[39m [36mimport[39m { 
[33mX[39m[33m,[39m [33mSend[39m[33m,[39m 
[33mBot[39m[33m,[39m [33mUser[39m[33m,[39m 
[33mLoader2[39m } [36mfrom[39m 
[32m"lucide-react"[39m[33m;[39m[0m



Import traces:
  Client Component Browser:
    ./src/components/editor/ChatColumn.tsx [Client 
Component Browser]
    ./src/components/editor/DynamicColumn.tsx [Client 
Component Browser]
    ./src/app/path/[id]/edit/page.tsx [Client 
Component Browser]
    ./src/app/path/[id]/edit/page.tsx [Server 
Component]

  Client Component SSR:
    ./src/components/editor/ChatColumn.tsx [Client 
Component SSR]
    ./src/components/editor/DynamicColumn.tsx [Client 
Component SSR]
    ./src/app/path/[id]/edit/page.tsx [Client 
Component SSR]
    ./src/app/path/[id]/edit/page.tsx [Server 
Component]

https://nextjs.org/docs/messages/module-not-found


    at <unknown> 
(./src/components/editor/ChatColumn.tsx:3:1)
    at <unknown> 
(https://nextjs.org/docs/messages/module-not-found)
